2025-11-03 16:55:54,419 - INFO - Starting arXiv paper fetch from 2025-11-02 to 2025-11-03
2025-11-03 16:55:54,419 - INFO - Categories: cs.CV, cs.LG, cs.AI, cs.CL, stat.ML
2025-11-03 16:55:54,419 - INFO - Fetching papers from arXiv with query: (cat:cs.CV OR cat:cs.LG OR cat:cs.AI OR cat:cs.CL OR cat:stat.ML) AND submittedDate:[2025-11-02 TO 2025-11-03]
2025-11-03 16:55:54,419 - INFO - Fetching batch 1...
2025-11-03 16:55:56,142 - INFO - No more papers found in this batch
2025-11-03 16:55:56,142 - INFO - Total papers fetched: 0
2025-11-03 16:55:56,143 - INFO - Added 0 new papers to database
2025-11-03 16:56:15,701 - INFO - Starting arXiv paper fetch from 2025-10-01 to 2025-11-03
2025-11-03 16:56:15,701 - INFO - Categories: cs.CV, cs.LG, cs.AI, cs.CL, stat.ML
2025-11-03 16:56:15,701 - INFO - Fetching papers from arXiv with query: (cat:cs.CV OR cat:cs.LG OR cat:cs.AI OR cat:cs.CL OR cat:stat.ML) AND submittedDate:[2025-10-01 TO 2025-11-03]
2025-11-03 16:56:15,701 - INFO - Fetching batch 1...
2025-11-03 16:56:17,179 - INFO - No more papers found in this batch
2025-11-03 16:56:17,179 - INFO - Total papers fetched: 0
2025-11-03 16:56:17,179 - INFO - Added 0 new papers to database
2025-11-03 16:57:00,699 - INFO - Starting arXiv paper fetch from 2025-10-01 to 2025-11-03
2025-11-03 16:57:00,699 - INFO - Categories: cs.CV, cs.LG, cs.AI, cs.CL, stat.ML
2025-11-03 16:57:00,699 - INFO - Fetching papers from arXiv with query: (cat:cs.CV OR cat:cs.LG OR cat:cs.AI OR cat:cs.CL OR cat:stat.ML) AND submittedDate:[2025-10-01 TO 2025-11-03]
2025-11-03 16:57:00,699 - INFO - Fetching batch 1...
2025-11-03 16:57:01,946 - INFO - No more papers found in this batch
2025-11-03 16:57:01,946 - INFO - Total papers fetched: 0
2025-11-03 16:57:01,946 - INFO - Added 0 new papers to database
2025-11-03 16:57:41,664 - INFO - Starting arXiv paper fetch from 2025-01-01 to 2025-11-03
2025-11-03 16:57:41,664 - INFO - Categories: cs.CV, cs.LG, cs.AI, cs.CL, stat.ML
2025-11-03 16:57:41,664 - INFO - Fetching papers from arXiv with query: (cat:cs.CV OR cat:cs.LG OR cat:cs.AI OR cat:cs.CL OR cat:stat.ML) AND submittedDate:[2025-01-01 TO 2025-11-03]
2025-11-03 16:57:41,664 - INFO - Fetching batch 1...
2025-11-03 16:57:43,037 - INFO - No more papers found in this batch
2025-11-03 16:57:43,038 - INFO - Total papers fetched: 0
2025-11-03 16:57:43,038 - INFO - Added 0 new papers to database
2025-11-03 16:59:14,694 - INFO - Starting arXiv paper fetch from 2025-01-01 to 2025-11-03
2025-11-03 16:59:14,694 - INFO - Categories: cs.CV, cs.LG, cs.AI, cs.CL, stat.ML
2025-11-03 16:59:14,694 - INFO - Fetching papers from arXiv with query: (cat:cs.CV OR cat:cs.LG OR cat:cs.AI OR cat:cs.CL OR cat:stat.ML) AND submittedDate:[2025-01-01 TO 2025-11-03]
2025-11-03 16:59:14,694 - INFO - Fetching batch 1...
2025-11-03 16:59:21,889 - INFO - No more papers found in this batch
2025-11-03 16:59:21,890 - INFO - Total papers fetched: 0
2025-11-03 16:59:21,890 - INFO - Added 0 new papers to database
2025-11-03 17:08:38,630 - INFO - Starting arXiv paper fetch from 2025-10-04 to 2025-11-03
2025-11-03 17:08:38,631 - INFO - Categories: cs.CV, cs.LG, cs.AI, cs.CL, stat.ML
2025-11-03 17:08:38,631 - INFO - Fetching papers from arXiv with query: cat:cs.CV OR cat:cs.LG OR cat:cs.AI OR cat:cs.CL OR cat:stat.ML
2025-11-03 17:08:38,631 - INFO - Fetching batch 1...
2025-11-03 17:08:40,200 - INFO - Fetched 10 papers in this batch
2025-11-03 17:08:40,200 - INFO - Reached end of available papers
2025-11-03 17:08:40,200 - INFO - Total papers fetched: 10
2025-11-03 17:08:40,203 - INFO - Added 10 new papers to database
2025-11-03 17:11:20,543 - INFO - Loaded 10 existing papers from database
2025-11-03 17:11:20,543 - INFO - Starting arXiv paper fetch from 2025-10-04 to 2025-11-03
2025-11-03 17:11:20,543 - INFO - Categories: cs.CV, cs.LG, cs.AI, cs.CL, stat.ML
2025-11-03 17:11:20,543 - INFO - Fetching papers from arXiv with query: cat:cs.CV OR cat:cs.LG OR cat:cs.AI OR cat:cs.CL OR cat:stat.ML
2025-11-03 17:11:20,543 - INFO - Fetching batch 1...
2025-11-03 17:11:21,778 - INFO - Fetched 10 papers in this batch
2025-11-03 17:11:21,779 - INFO - Reached end of available papers
2025-11-03 17:11:21,779 - INFO - Total papers fetched: 10
2025-11-03 17:11:21,779 - INFO - Added 0 new papers to database
2025-11-03 17:12:31,157 - INFO - Loaded 10 existing papers from database
2025-11-03 17:12:31,157 - INFO - Starting arXiv paper fetch from 2025-10-04 to 2025-11-03
2025-11-03 17:12:31,157 - INFO - Categories: cs.CV, cs.LG, cs.AI, cs.CL, stat.ML
2025-11-03 17:12:31,157 - INFO - Fetching papers from arXiv with query: cat:cs.CV OR cat:cs.LG OR cat:cs.AI OR cat:cs.CL OR cat:stat.ML
2025-11-03 17:12:31,157 - INFO - Fetching batch 1...
2025-11-03 17:12:32,494 - INFO - Fetched 10 papers in this batch
2025-11-03 17:12:32,495 - INFO - Reached end of available papers
2025-11-03 17:12:32,495 - INFO - Total papers fetched: 10
2025-11-03 17:12:32,495 - INFO - Added 0 new papers to database
2025-11-03 17:13:25,712 - INFO - Starting arXiv paper fetch from 2025-10-04 to 2025-11-03
2025-11-03 17:13:25,713 - INFO - Categories: cs.CV, cs.LG, cs.AI, cs.CL, stat.ML
2025-11-03 17:13:25,713 - INFO - Fetching papers from arXiv with query: cat:cs.CV OR cat:cs.LG OR cat:cs.AI OR cat:cs.CL OR cat:stat.ML
2025-11-03 17:13:25,713 - INFO - Fetching batch 1...
2025-11-03 17:13:26,948 - INFO - Fetched 10 papers in this batch
2025-11-03 17:13:26,948 - INFO - Reached end of available papers
2025-11-03 17:13:26,948 - INFO - Total papers fetched: 10
2025-11-03 17:13:26,950 - INFO - Added 10 new papers to database
2025-11-03 17:18:36,001 - INFO - Loaded 10 existing papers from database
2025-11-03 17:18:36,001 - INFO - Starting arXiv paper fetch from 2025-10-04 to 2025-11-03
2025-11-03 17:18:36,001 - INFO - Categories: cs.CV, cs.LG, cs.AI, cs.CL, stat.ML
2025-11-03 17:18:36,001 - INFO - Fetching papers from arXiv with query: (cat:cs.CV OR cat:cs.LG OR cat:cs.AI OR cat:cs.CL OR cat:stat.ML) AND submittedDate:[2025-10-04 TO 2025-11-03]
2025-11-03 17:18:36,001 - INFO - Fetching batch 1...
2025-11-03 17:18:37,421 - INFO - No more papers found in this batch
2025-11-03 17:18:37,422 - INFO - Total papers fetched: 0
2025-11-03 17:18:37,422 - INFO - Added 0 new papers to database
2025-11-03 17:26:36,514 - INFO - Loaded 10 existing papers from database
2025-11-03 17:26:36,514 - INFO - Starting arXiv paper fetch from 20251004 to 2025-11-03
2025-11-03 17:26:36,514 - INFO - Categories: cs.CV, cs.LG, cs.AI, cs.CL, stat.ML
2025-11-03 17:26:36,514 - INFO - Fetching papers from arXiv with query: (cat:cs.CV OR cat:cs.LG OR cat:cs.AI OR cat:cs.CL OR cat:stat.ML) AND submittedDate:[20251004 TO 2025-11-03]
2025-11-03 17:26:36,514 - INFO - Fetching batch 1...
2025-11-03 17:26:37,938 - INFO - No more papers found in this batch
2025-11-03 17:26:37,939 - INFO - Total papers fetched: 0
2025-11-03 17:26:37,939 - INFO - Added 0 new papers to database
2025-11-03 17:27:20,387 - INFO - Loaded 10 existing papers from database
2025-11-03 17:27:20,387 - INFO - Starting arXiv paper fetch from 20251004 to 2025-11-03
2025-11-03 17:27:20,387 - INFO - Categories: cs.CV, cs.LG, cs.AI, cs.CL, stat.ML
2025-11-03 17:27:20,387 - INFO - Fetching papers from arXiv with query: (cat:cs.CV OR cat:cs.LG OR cat:cs.AI OR cat:cs.CL OR cat:stat.ML) AND submittedDate:[20251004 TO 2025-11-03]
2025-11-03 17:27:20,388 - INFO - Fetching batch 1...
2025-11-03 17:27:21,326 - INFO - No more papers found in this batch
2025-11-03 17:27:21,326 - INFO - Total papers fetched: 0
2025-11-03 17:27:21,326 - INFO - Added 0 new papers to database
2025-11-03 17:28:06,930 - INFO - Loaded 10 existing papers from database
2025-11-03 17:28:06,930 - INFO - Starting arXiv paper fetch from 20251004 to 20251103
2025-11-03 17:28:06,930 - INFO - Categories: cs.CV, cs.LG, cs.AI, cs.CL, stat.ML
2025-11-03 17:28:06,930 - INFO - Fetching papers from arXiv with query: (cat:cs.CV OR cat:cs.LG OR cat:cs.AI OR cat:cs.CL OR cat:stat.ML) AND submittedDate:[20251004 TO 20251103]
2025-11-03 17:28:06,930 - INFO - Fetching batch 1...
2025-11-03 17:28:13,681 - INFO - Fetched 10 papers in this batch
2025-11-03 17:28:13,681 - INFO - Reached end of available papers
2025-11-03 17:28:13,681 - INFO - Total papers fetched: 10
2025-11-03 17:28:13,681 - INFO - Added 0 new papers to database
2025-11-03 17:28:47,799 - INFO - Starting arXiv paper fetch from 2025-01-01 to 2025-11-03
2025-11-03 17:28:47,799 - INFO - Categories: cs.CV, cs.LG, cs.AI, cs.CL, stat.ML
2025-11-03 17:28:47,799 - INFO - Fetching papers from arXiv with query: (cat:cs.CV OR cat:cs.LG OR cat:cs.AI OR cat:cs.CL OR cat:stat.ML) AND submittedDate:[2025-01-01 TO 2025-11-03]
2025-11-03 17:28:47,799 - INFO - Fetching batch 1...
2025-11-03 17:28:49,284 - INFO - No more papers found in this batch
2025-11-03 17:28:49,284 - INFO - Total papers fetched: 0
2025-11-03 17:28:49,284 - INFO - Added 0 new papers to database
2025-11-03 17:29:29,999 - INFO - Starting arXiv paper fetch from 20250101 to 20251103
2025-11-03 17:29:30,000 - INFO - Categories: cs.CV, cs.LG, cs.AI, cs.CL, stat.ML
2025-11-03 17:29:30,000 - INFO - Fetching papers from arXiv with query: (cat:cs.CV OR cat:cs.LG OR cat:cs.AI OR cat:cs.CL OR cat:stat.ML) AND submittedDate:[20250101 TO 20251103]
2025-11-03 17:29:30,000 - INFO - Fetching batch 1...
2025-11-03 17:29:36,616 - INFO - Fetched 10 papers in this batch
2025-11-03 17:29:36,617 - INFO - Reached end of available papers
2025-11-03 17:29:36,617 - INFO - Total papers fetched: 10
2025-11-03 17:29:36,620 - INFO - Added 10 new papers to database
2025-11-03 17:31:07,591 - INFO - Starting arXiv paper fetch from 20251101 to 20251103
2025-11-03 17:31:07,591 - INFO - Categories: cs.CV, cs.LG, cs.AI, cs.CL, stat.ML
2025-11-03 17:31:07,591 - INFO - Fetching papers from arXiv with query: (cat:cs.CV OR cat:cs.LG OR cat:cs.AI OR cat:cs.CL OR cat:stat.ML) AND submittedDate:[20251101 TO 20251103]
2025-11-03 17:31:07,591 - INFO - Fetching batch 1...
2025-11-03 17:31:09,040 - INFO - No more papers found in this batch
2025-11-03 17:31:09,040 - INFO - Total papers fetched: 0
2025-11-03 17:31:09,040 - INFO - Added 0 new papers to database
2025-11-03 17:31:31,662 - INFO - Starting arXiv paper fetch from 20251001 to 20251103
2025-11-03 17:31:31,662 - INFO - Categories: cs.CV, cs.LG, cs.AI, cs.CL, stat.ML
2025-11-03 17:31:31,662 - INFO - Fetching papers from arXiv with query: (cat:cs.CV OR cat:cs.LG OR cat:cs.AI OR cat:cs.CL OR cat:stat.ML) AND submittedDate:[20251001 TO 20251103]
2025-11-03 17:31:31,662 - INFO - Fetching batch 1...
2025-11-03 17:31:40,126 - INFO - Fetched 100 papers in this batch
2025-11-03 17:31:43,132 - INFO - Fetching batch 2...
2025-11-03 17:31:51,444 - INFO - Fetched 100 papers in this batch
2025-11-03 17:31:54,449 - INFO - Fetching batch 3...
2025-11-03 17:32:01,847 - INFO - Fetched 100 papers in this batch
2025-11-03 17:32:04,850 - INFO - Fetching batch 4...
2025-11-03 17:32:07,122 - INFO - Fetched 100 papers in this batch
2025-11-03 17:32:10,127 - INFO - Fetching batch 5...
2025-11-03 17:32:16,045 - INFO - No more papers found in this batch
2025-11-03 17:32:16,046 - INFO - Total papers fetched: 400
2025-11-03 17:32:16,760 - INFO - Added 400 new papers to database
2025-11-03 17:35:59,923 - INFO - Loaded 400 existing papers from database
2025-11-03 17:35:59,923 - INFO - Starting arXiv paper fetch from 20250901 to 20251103
2025-11-03 17:35:59,923 - INFO - Categories: cs.CV, cs.LG, cs.AI, cs.CL, stat.ML
2025-11-03 17:35:59,923 - INFO - Fetching papers from arXiv with query: (cat:cs.CV OR cat:cs.LG OR cat:cs.AI OR cat:cs.CL OR cat:stat.ML) AND submittedDate:[20250901 TO 20251103]
2025-11-03 17:35:59,923 - INFO - Fetching batch 1...
2025-11-03 17:36:02,060 - INFO - Fetched 100 papers in this batch
2025-11-03 17:36:05,069 - INFO - Fetching batch 2...
2025-11-03 17:36:11,290 - INFO - No more papers found in this batch
2025-11-03 17:36:11,290 - INFO - Total papers fetched: 100
2025-11-03 17:36:11,290 - INFO - Added 0 new papers to database
2025-11-03 17:36:54,127 - INFO - Loaded 400 existing papers from database
2025-11-03 17:36:54,128 - INFO - Starting arXiv paper fetch from 20250901 to 20251103
2025-11-03 17:36:54,128 - INFO - Categories: cs.CV, cs.LG, cs.AI, cs.CL, stat.ML
2025-11-03 17:36:54,128 - INFO - Fetching papers from arXiv with query: (cat:cs.CV OR cat:cs.LG OR cat:cs.AI OR cat:cs.CL OR cat:stat.ML) AND submittedDate:[20250901 TO 20251103]
2025-11-03 17:36:54,130 - INFO - Fetching batch 1...
2025-11-03 17:36:59,625 - WARNING - Retrying (Retry(total=2, connect=None, read=None, redirect=None, status=None)) after connection broken by 'ConnectionResetError(54, 'Connection reset by peer')': /api/query?search_query=%28cat%3Acs.CV+OR+cat%3Acs.LG+OR+cat%3Acs.AI+OR+cat%3Acs.CL+OR+cat%3Astat.ML%29+AND+submittedDate%3A%5B20250901+TO+20251103%5D&start=0&max_results=100&sortBy=submittedDate&sortOrder=descending
2025-11-03 17:37:00,821 - INFO - Fetched 100 papers in this batch
2025-11-03 17:37:03,826 - INFO - Fetching batch 2...
2025-11-03 17:37:04,558 - INFO - No more papers found in this batch
2025-11-03 17:37:04,558 - INFO - Total papers fetched: 100
2025-11-03 17:37:04,558 - INFO - Added 0 new papers to database
2025-11-03 17:42:19,280 - INFO - Loaded 400 existing papers from database
2025-11-03 17:42:19,280 - INFO - Starting arXiv paper fetch from 20250901 to 20251103
2025-11-03 17:42:19,280 - INFO - Categories: cs.CV, cs.LG, cs.AI, cs.CL, stat.ML
2025-11-03 17:42:19,280 - INFO - Fetching papers from arXiv with query: (cat:cs.CV OR cat:cs.LG OR cat:cs.AI OR cat:cs.CL OR cat:stat.ML) AND submittedDate:[20250901 TO 20251103]
2025-11-03 17:42:19,280 - INFO - Fetching batch 1...
2025-11-03 17:42:20,986 - INFO - Fetched 100 papers in this batch
2025-11-03 17:42:21,819 - INFO - Process interrupted by user
2025-11-03 17:42:32,442 - INFO - Loaded 400 existing papers from database
2025-11-03 17:42:32,442 - INFO - Starting arXiv paper fetch from 20251001 to 20251103
2025-11-03 17:42:32,442 - INFO - Categories: cs.CV, cs.LG, cs.AI, cs.CL, stat.ML
2025-11-03 17:42:32,442 - INFO - Fetching papers from arXiv with query: (cat:cs.CV OR cat:cs.LG OR cat:cs.AI OR cat:cs.CL OR cat:stat.ML) AND submittedDate:[20251001 TO 20251103]
2025-11-03 17:42:32,443 - INFO - Fetching batch 1...
2025-11-03 17:42:35,797 - INFO - Fetched 100 papers in this batch
2025-11-03 17:42:38,802 - INFO - Fetching batch 2...
2025-11-03 17:42:46,515 - INFO - Fetched 100 papers in this batch
2025-11-03 17:42:49,521 - INFO - Fetching batch 3...
2025-11-03 17:42:56,085 - INFO - Fetched 100 papers in this batch
2025-11-03 17:42:59,091 - INFO - Fetching batch 4...
2025-11-03 17:43:02,397 - INFO - Fetched 100 papers in this batch
2025-11-03 17:43:05,401 - INFO - Fetching batch 5...
2025-11-03 17:43:06,203 - WARNING - Empty feed received but totalResults=10401, start_index=400. This may be an API anomaly.
2025-11-03 17:43:06,203 - INFO - Retry 1/3 after delay...
2025-11-03 17:43:12,843 - INFO - Retry 2/3 after delay...
2025-11-03 17:43:25,443 - INFO - Retry 3/3 after delay...
2025-11-03 17:43:55,224 - WARNING - Still no papers after 3 retries. Skipping batch starting at index 400.
2025-11-03 17:43:55,224 - INFO - Fetching batch 6...
2025-11-03 17:43:58,288 - INFO - Fetched 100 papers in this batch
2025-11-03 17:44:01,293 - INFO - Fetching batch 7...
2025-11-03 17:44:07,714 - WARNING - Empty feed received but totalResults=10401, start_index=600. This may be an API anomaly.
2025-11-03 17:44:07,714 - INFO - Retry 1/3 after delay...
2025-11-03 17:44:14,861 - INFO - Retry 2/3 after delay...
2025-11-03 17:44:27,436 - INFO - Retry 3/3 after delay...
2025-11-03 17:44:52,014 - WARNING - Still no papers after 3 retries. Skipping batch starting at index 600.
2025-11-03 17:44:52,015 - INFO - Fetching batch 8...
2025-11-03 17:44:54,496 - INFO - Process interrupted by user
2025-11-03 17:46:27,058 - INFO - Loaded 400 existing papers from database
2025-11-03 17:46:27,059 - INFO - Starting arXiv paper fetch from 20251001 to 20251103
2025-11-03 17:46:27,059 - INFO - Categories: cs.CV, cs.LG, cs.AI, cs.CL, stat.ML
2025-11-03 17:46:27,059 - INFO - Fetching papers from arXiv with query: (cat:cs.CV OR cat:cs.LG OR cat:cs.AI OR cat:cs.CL OR cat:stat.ML) AND submittedDate:[20251001 TO 20251103]
2025-11-03 17:46:27,059 - INFO - Fetching batch 1...
2025-11-03 17:46:33,580 - INFO - Fetched 100 papers in this batch
2025-11-03 17:46:36,585 - INFO - Fetching batch 2...
2025-11-03 17:46:38,907 - INFO - Fetched 100 papers in this batch
2025-11-03 17:46:41,909 - INFO - Fetching batch 3...
2025-11-03 17:46:43,279 - INFO - Fetched 100 papers in this batch
2025-11-03 17:46:46,284 - INFO - Fetching batch 4...
2025-11-03 17:46:52,799 - INFO - Fetched 100 papers in this batch
2025-11-03 17:46:55,805 - INFO - Fetching batch 5...
2025-11-03 17:47:01,772 - WARNING - Empty feed received but totalResults=10401, start_index=400. This may be an API anomaly.
2025-11-03 17:47:01,773 - INFO - Retry 1/3 after delay...
2025-11-03 17:47:17,340 - INFO - Retry 2/3 after delay...
2025-11-03 17:47:48,897 - INFO - Process interrupted by user
2025-11-03 17:54:51,520 - INFO - Loaded 400 existing papers from database
2025-11-03 17:54:51,521 - INFO - Starting arXiv paper fetch from 20251001 to 20251103
2025-11-03 17:54:51,521 - INFO - Categories: cs.CV, cs.LG, cs.AI, cs.CL, stat.ML
2025-11-03 17:54:51,521 - INFO - Fetching papers from arXiv with query: (cat:cs.CV OR cat:cs.LG OR cat:cs.AI OR cat:cs.CL OR cat:stat.ML) AND submittedDate:[20251001 TO 20251103]
2025-11-03 17:54:51,521 - INFO - Fetching batch 1, start_index: 0, batch_size: 100...
2025-11-03 17:55:04,850 - INFO - Fetched 100 papers in this batch
2025-11-03 17:55:07,855 - INFO - Fetching batch 2, start_index: 100, batch_size: 100...
2025-11-03 17:55:13,640 - INFO - Fetched 100 papers in this batch
2025-11-03 17:55:16,643 - INFO - Fetching batch 3, start_index: 200, batch_size: 100...
2025-11-03 17:55:17,383 - INFO - Fetched 100 papers in this batch
2025-11-03 17:55:20,386 - INFO - Fetching batch 4, start_index: 300, batch_size: 100...
2025-11-03 17:55:21,128 - INFO - Fetched 100 papers in this batch
2025-11-03 17:55:24,132 - INFO - Fetching batch 5, start_index: 400, batch_size: 100...
2025-11-03 17:55:29,651 - WARNING - Empty feed received but totalResults=10401, start_index=400, batch_size=100. This is an API anomaly. Adjusting batch_size...
2025-11-03 17:55:29,652 - INFO - Reducing batch_size from 100 to 50
2025-11-03 17:55:29,652 - INFO - Fetching batch 5, start_index: 400, batch_size: 50...
2025-11-03 17:55:30,791 - INFO - Success with reduced batch_size. Resetting to original: 100
2025-11-03 17:55:30,791 - INFO - Fetched 50 papers in this batch
2025-11-03 17:55:30,792 - INFO - Reached end of available papers
2025-11-03 17:55:30,792 - INFO - Total papers fetched: 450
2025-11-03 17:55:30,992 - INFO - Added 50 new papers to database
2025-11-03 17:57:09,873 - INFO - Loaded 450 existing papers from database
2025-11-03 17:57:09,873 - INFO - Starting arXiv paper fetch from 20251001 to 20251103
2025-11-03 17:57:09,873 - INFO - Categories: cs.CV, cs.LG, cs.AI, cs.CL, stat.ML
2025-11-03 17:57:09,873 - INFO - Fetching papers from arXiv with query: (cat:cs.CV OR cat:cs.LG OR cat:cs.AI OR cat:cs.CL OR cat:stat.ML) AND submittedDate:[20251001 TO 20251103]
2025-11-03 17:57:09,873 - INFO - Fetching batch 1, start_index: 0, batch_size: 100...
2025-11-03 17:57:23,291 - INFO - Fetched 100 papers in this batch
2025-11-03 17:57:26,296 - INFO - Fetching batch 2, start_index: 100, batch_size: 100...
2025-11-03 17:57:26,932 - INFO - Fetched 100 papers in this batch
2025-11-03 17:57:29,937 - INFO - Fetching batch 3, start_index: 200, batch_size: 100...
2025-11-03 17:57:30,633 - INFO - Fetched 100 papers in this batch
2025-11-03 17:57:33,634 - INFO - Fetching batch 4, start_index: 300, batch_size: 100...
2025-11-03 17:57:34,846 - INFO - Fetched 100 papers in this batch
2025-11-03 17:57:37,851 - INFO - Fetching batch 5, start_index: 400, batch_size: 100...
2025-11-03 17:57:38,519 - WARNING - Empty feed received but totalResults=10401, start_index=400, batch_size=100. This is an API anomaly. Adjusting batch_size...
2025-11-03 17:57:38,519 - INFO - Reducing batch_size from 100 to 50
2025-11-03 17:57:38,519 - INFO - Fetching batch 5, start_index: 400, batch_size: 50...
2025-11-03 17:57:39,249 - INFO - Fetched 50 papers in this batch
2025-11-03 17:57:39,249 - INFO - Success with reduced batch_size. Resetting to original: 100
2025-11-03 17:57:42,255 - INFO - Fetching batch 6, start_index: 500, batch_size: 100...
2025-11-03 17:57:43,115 - INFO - Fetched 100 papers in this batch
2025-11-03 17:57:46,120 - INFO - Fetching batch 7, start_index: 600, batch_size: 100...
2025-11-03 17:58:01,322 - INFO - Process interrupted by user
2025-11-03 17:58:13,999 - INFO - Loaded 450 existing papers from database
2025-11-03 17:58:13,999 - INFO - Starting arXiv paper fetch from 20251001 to 20251103
2025-11-03 17:58:13,999 - INFO - Categories: cs.CV, cs.LG, cs.AI, cs.CL, stat.ML
2025-11-03 17:58:13,999 - INFO - Fetching papers from arXiv with query: (cat:cs.CV OR cat:cs.LG OR cat:cs.AI OR cat:cs.CL OR cat:stat.ML) AND submittedDate:[20251001 TO 20251103]
2025-11-03 17:58:13,999 - INFO - Fetching batch 1, start_index: 0, batch_size: 100...
2025-11-03 17:58:15,000 - INFO - Fetched 100 papers in this batch
2025-11-03 17:58:18,005 - INFO - Fetching batch 2, start_index: 100, batch_size: 100...
2025-11-03 17:58:18,548 - INFO - Fetched 100 papers in this batch
2025-11-03 17:58:21,551 - INFO - Fetching batch 3, start_index: 200, batch_size: 100...
2025-11-03 17:58:22,736 - INFO - Fetched 100 papers in this batch
2025-11-03 17:58:25,741 - INFO - Fetching batch 4, start_index: 300, batch_size: 100...
2025-11-03 17:58:26,496 - INFO - Fetched 100 papers in this batch
2025-11-03 17:58:29,498 - INFO - Fetching batch 5, start_index: 400, batch_size: 100...
2025-11-03 17:58:30,102 - WARNING - Empty feed received but totalResults=10401, start_index=400, batch_size=100. This is an API anomaly. Adjusting batch_size...
2025-11-03 17:58:30,102 - INFO - Reducing batch_size from 100 to 50
2025-11-03 17:58:30,102 - INFO - Fetching batch 5, start_index: 400, batch_size: 50...
2025-11-03 17:58:35,686 - INFO - Fetched 50 papers in this batch
2025-11-03 17:58:35,686 - INFO - Success with reduced batch_size. Resetting to original: 100
2025-11-03 17:58:38,688 - INFO - Fetching batch 5, start_index: 450, batch_size: 100...
2025-11-03 17:58:39,854 - INFO - Fetched 100 papers in this batch
2025-11-03 17:58:42,857 - INFO - Fetching batch 6, start_index: 550, batch_size: 100...
2025-11-03 17:58:44,028 - WARNING - Empty feed received but totalResults=10401, start_index=550, batch_size=100. This is an API anomaly. Adjusting batch_size...
2025-11-03 17:58:44,028 - INFO - Reducing batch_size from 100 to 50
2025-11-03 17:58:44,028 - INFO - Fetching batch 6, start_index: 550, batch_size: 50...
2025-11-03 17:58:45,094 - INFO - Fetched 50 papers in this batch
2025-11-03 17:58:45,094 - INFO - Success with reduced batch_size. Resetting to original: 100
2025-11-03 17:58:48,098 - INFO - Fetching batch 7, start_index: 600, batch_size: 100...
2025-11-03 17:58:48,981 - WARNING - Empty feed received but totalResults=10401, start_index=600, batch_size=100. This is an API anomaly. Adjusting batch_size...
2025-11-03 17:58:48,981 - INFO - Reducing batch_size from 100 to 50
2025-11-03 17:58:48,982 - INFO - Fetching batch 7, start_index: 600, batch_size: 50...
2025-11-03 17:58:50,089 - INFO - Fetched 50 papers in this batch
2025-11-03 17:58:50,090 - INFO - Success with reduced batch_size. Resetting to original: 100
2025-11-03 17:58:53,095 - INFO - Fetching batch 7, start_index: 650, batch_size: 100...
2025-11-03 17:58:54,497 - INFO - Fetched 100 papers in this batch
2025-11-03 17:58:57,501 - INFO - Fetching batch 8, start_index: 750, batch_size: 100...
2025-11-03 17:58:58,593 - WARNING - Empty feed received but totalResults=10401, start_index=750, batch_size=100. This is an API anomaly. Adjusting batch_size...
2025-11-03 17:58:58,594 - INFO - Reducing batch_size from 100 to 50
2025-11-03 17:58:58,594 - INFO - Fetching batch 8, start_index: 750, batch_size: 50...
2025-11-03 17:59:05,037 - INFO - Fetched 50 papers in this batch
2025-11-03 17:59:05,037 - INFO - Success with reduced batch_size. Resetting to original: 100
2025-11-03 17:59:08,040 - INFO - Fetching batch 9, start_index: 800, batch_size: 100...
2025-11-03 17:59:09,415 - INFO - Fetched 100 papers in this batch
2025-11-03 17:59:12,420 - INFO - Fetching batch 10, start_index: 900, batch_size: 100...
2025-11-03 17:59:13,549 - WARNING - Empty feed received but totalResults=10401, start_index=900, batch_size=100. This is an API anomaly. Adjusting batch_size...
2025-11-03 17:59:13,549 - INFO - Reducing batch_size from 100 to 50
2025-11-03 17:59:13,549 - INFO - Fetching batch 10, start_index: 900, batch_size: 50...
2025-11-03 17:59:14,569 - WARNING - Empty feed received but totalResults=10401, start_index=900, batch_size=50. This is an API anomaly. Adjusting batch_size...
2025-11-03 17:59:14,569 - INFO - Reducing batch_size from 50 to 25
2025-11-03 17:59:14,569 - INFO - Fetching batch 10, start_index: 900, batch_size: 25...
2025-11-03 17:59:20,925 - INFO - Fetched 25 papers in this batch
2025-11-03 17:59:20,925 - INFO - Success with reduced batch_size. Resetting to original: 100
2025-11-03 17:59:23,926 - INFO - Fetching batch 10, start_index: 925, batch_size: 100...
2025-11-03 17:59:30,403 - INFO - Fetched 75 papers in this batch
2025-11-03 17:59:30,403 - INFO - Reached end of available papers
2025-11-03 17:59:30,404 - INFO - Total papers fetched: 1000
2025-11-03 17:59:33,569 - INFO - Added 550 new papers to database
2025-11-03 18:09:21,431 - INFO - Starting arXiv paper fetch from 20251001 to 20251103
2025-11-03 18:09:21,431 - INFO - Categories: cs.CV, cs.LG, cs.AI, cs.CL, stat.ML
2025-11-03 18:09:21,431 - INFO - Fetching papers from arXiv with query: (cat:cs.CV OR cat:cs.LG OR cat:cs.AI OR cat:cs.CL OR cat:stat.ML) AND submittedDate:[20251001 TO 20251103]
2025-11-03 18:09:21,431 - INFO - Fetching batch 1, start_index: 0, batch_size: 100...
2025-11-03 18:09:35,349 - INFO - Fetched 10 papers in this batch
2025-11-03 18:09:35,349 - INFO - Reached end of available papers
2025-11-03 18:09:35,349 - INFO - Total papers fetched: 10
2025-11-03 18:09:35,354 - INFO - Added 10 new papers to database
2025-11-03 18:10:30,316 - INFO - Loaded 10 existing papers from database
2025-11-03 18:10:30,317 - INFO - Starting arXiv paper fetch from 20251001 to 20251103
2025-11-03 18:10:30,317 - INFO - Categories: cs.CV, cs.LG, cs.AI, cs.CL, stat.ML
2025-11-03 18:10:30,317 - INFO - Fetching papers from arXiv with query: (cat:cs.CV OR cat:cs.LG OR cat:cs.AI OR cat:cs.CL OR cat:stat.ML) AND submittedDate:[20251001 TO 20251103]
2025-11-03 18:10:30,317 - INFO - Fetching batch 1, start_index: 0, batch_size: 100...
2025-11-03 18:10:32,943 - INFO - Fetched 1 papers in this batch
2025-11-03 18:10:32,943 - INFO - Reached end of available papers
2025-11-03 18:10:32,943 - INFO - Total papers fetched: 1
2025-11-03 18:10:32,943 - INFO - Added 0 new papers to database
2025-11-03 18:10:53,978 - INFO - Loaded 10 existing papers from database
2025-11-03 18:10:53,978 - INFO - Starting arXiv paper fetch from 20251001 to 20251103
2025-11-03 18:10:53,978 - INFO - Categories: cs.CV, cs.LG, cs.AI, cs.CL, stat.ML
2025-11-03 18:10:53,978 - INFO - Fetching papers from arXiv with query: (cat:cs.CV OR cat:cs.LG OR cat:cs.AI OR cat:cs.CL OR cat:stat.ML) AND submittedDate:[20251001 TO 20251103]
2025-11-03 18:10:53,978 - INFO - Fetching batch 1, start_index: 0, batch_size: 100...
2025-11-03 18:10:55,120 - INFO - Fetched 1 papers in this batch
2025-11-03 18:10:55,120 - INFO - Reached end of available papers
2025-11-03 18:10:55,120 - INFO - Total papers fetched: 1
2025-11-03 18:10:55,120 - INFO - Added 0 new papers to database
2025-11-03 18:11:38,992 - INFO - Loaded 10 existing papers from database
2025-11-03 18:11:38,992 - INFO - Starting arXiv paper fetch from 20251001 to 20251103
2025-11-03 18:11:38,992 - INFO - Categories: cs.CV, cs.LG, cs.AI, cs.CL, stat.ML
2025-11-03 18:11:38,992 - INFO - Fetching papers from arXiv with query: (cat:cs.CV OR cat:cs.LG OR cat:cs.AI OR cat:cs.CL OR cat:stat.ML) AND submittedDate:[20251001 TO 20251103]
2025-11-03 18:11:38,993 - INFO - Fetching batch 1, start_index: 0, batch_size: 100...
2025-11-03 18:11:40,255 - INFO - Fetched 1 papers in this batch
2025-11-03 18:11:40,255 - INFO - Reached end of available papers
2025-11-03 18:11:40,255 - INFO - Total papers fetched: 1
2025-11-03 18:11:40,255 - INFO - Added 0 new papers to database
2025-11-03 18:11:49,270 - INFO - Starting arXiv paper fetch from 20251001 to 20251103
2025-11-03 18:11:49,270 - INFO - Categories: cs.CV, cs.LG, cs.AI, cs.CL, stat.ML
2025-11-03 18:11:49,270 - INFO - Fetching papers from arXiv with query: (cat:cs.CV OR cat:cs.LG OR cat:cs.AI OR cat:cs.CL OR cat:stat.ML) AND submittedDate:[20251001 TO 20251103]
2025-11-03 18:11:49,270 - INFO - Fetching batch 1, start_index: 0, batch_size: 100...
2025-11-03 18:12:02,473 - INFO - Fetched 1 papers in this batch
2025-11-03 18:12:02,473 - INFO - Reached end of available papers
2025-11-03 18:12:02,473 - INFO - Total papers fetched: 1
2025-11-03 18:12:02,474 - INFO - Added 1 new papers to database
2025-11-03 18:13:17,984 - INFO - Starting arXiv paper fetch from 20251001 to 20251103
2025-11-03 18:13:17,984 - INFO - Categories: cs.CV, cs.LG, cs.AI, cs.CL, stat.ML
2025-11-03 18:13:17,984 - INFO - Fetching papers from arXiv with query: (cat:cs.CV OR cat:cs.LG OR cat:cs.AI OR cat:cs.CL OR cat:stat.ML) AND submittedDate:[20251001 TO 20251103]
2025-11-03 18:13:17,984 - INFO - Fetching batch 1, start_index: 0, batch_size: 100...
2025-11-03 18:13:24,411 - INFO - Fetched 1 papers in this batch
2025-11-03 18:13:24,412 - INFO - Reached end of available papers
2025-11-03 18:13:24,412 - INFO - Total papers fetched: 1
2025-11-03 18:13:24,412 - INFO - Added 1 new papers to database
2025-11-03 18:18:35,243 - INFO - Loaded 1 existing papers from database
2025-11-03 18:18:35,243 - INFO - Starting arXiv paper fetch from 20251001 to 20251103
2025-11-03 18:18:35,243 - INFO - Categories: cs.LG, cs.AI, cs.CL, stat.ML, cs.MA, q-fin.TR, q-fin.CP, q-fin.PM, q-fin.PR, q-fin.RM
2025-11-03 18:18:35,243 - INFO - Fetching papers from arXiv with query: (cat:cs.LG OR cat:cs.AI OR cat:cs.CL OR cat:stat.ML OR cat:cs.MA OR cat:q-fin.TR OR cat:q-fin.CP OR cat:q-fin.PM OR cat:q-fin.PR OR cat:q-fin.RM) AND submittedDate:[20251001 TO 20251103]
2025-11-03 18:18:35,243 - INFO - Fetching batch 1, start_index: 0, batch_size: 100...
2025-11-03 18:18:37,121 - INFO - Fetched 100 papers in this batch
2025-11-03 18:18:40,126 - INFO - Fetching batch 2, start_index: 100, batch_size: 100...
2025-11-03 18:18:42,637 - INFO - Fetched 100 papers in this batch
2025-11-03 18:18:45,642 - INFO - Fetching batch 3, start_index: 200, batch_size: 100...
2025-11-03 18:18:51,860 - INFO - Process interrupted by user
2025-11-03 18:18:54,884 - INFO - Loaded 1 existing papers from database
2025-11-03 18:18:54,884 - INFO - Starting arXiv paper fetch from 20251001 to 20251103
2025-11-03 18:18:54,884 - INFO - Categories: cs.LG, cs.AI, cs.CL, stat.ML, cs.MA, q-fin.TR, q-fin.CP, q-fin.PM, q-fin.PR, q-fin.RM
2025-11-03 18:18:54,884 - INFO - Fetching papers from arXiv with query: (cat:cs.LG OR cat:cs.AI OR cat:cs.CL OR cat:stat.ML OR cat:cs.MA OR cat:q-fin.TR OR cat:q-fin.CP OR cat:q-fin.PM OR cat:q-fin.PR OR cat:q-fin.RM) AND submittedDate:[20251001 TO 20251103]
2025-11-03 18:18:54,884 - INFO - Fetching batch 1, start_index: 0, batch_size: 100...
2025-11-03 18:19:01,958 - INFO - Fetched 100 papers in this batch
2025-11-03 18:19:04,964 - INFO - Fetching batch 2, start_index: 100, batch_size: 100...
2025-11-03 18:19:05,738 - INFO - Fetched 100 papers in this batch
2025-11-03 18:19:08,742 - INFO - Fetching batch 3, start_index: 200, batch_size: 100...
2025-11-03 18:19:09,651 - INFO - Fetched 100 papers in this batch
2025-11-03 18:19:12,657 - INFO - Fetching batch 4, start_index: 300, batch_size: 100...
2025-11-03 18:19:13,768 - INFO - Fetched 100 papers in this batch
2025-11-03 18:19:16,770 - INFO - Fetching batch 5, start_index: 400, batch_size: 100...
2025-11-03 18:19:18,164 - INFO - Fetched 100 papers in this batch
2025-11-03 18:19:21,169 - INFO - Fetching batch 6, start_index: 500, batch_size: 100...
2025-11-03 18:19:22,392 - INFO - Fetched 100 papers in this batch
2025-11-03 18:19:25,395 - INFO - Fetching batch 7, start_index: 600, batch_size: 100...
2025-11-03 18:19:32,528 - INFO - Fetched 100 papers in this batch
2025-11-03 18:19:35,534 - INFO - Fetching batch 8, start_index: 700, batch_size: 100...
2025-11-03 18:19:42,980 - WARNING - Empty feed received but totalResults=8883, start_index=700, batch_size=100. This is an API anomaly. Adjusting batch_size...
2025-11-03 18:19:42,981 - INFO - Reducing batch_size from 100 to 50
2025-11-03 18:19:42,982 - INFO - Fetching batch 8, start_index: 700, batch_size: 50...
2025-11-03 18:19:49,249 - INFO - Fetched 50 papers in this batch
2025-11-03 18:19:49,249 - INFO - Success with reduced batch_size. Resetting to original: 100
2025-11-03 18:19:52,254 - INFO - Fetching batch 8, start_index: 750, batch_size: 100...
2025-11-03 18:20:05,784 - INFO - Fetched 100 papers in this batch
2025-11-03 18:20:08,791 - INFO - Fetching batch 9, start_index: 850, batch_size: 100...
2025-11-03 18:20:15,174 - INFO - Fetched 100 papers in this batch
2025-11-03 18:20:18,178 - INFO - Fetching batch 10, start_index: 950, batch_size: 100...
2025-11-03 18:20:31,493 - INFO - Fetched 100 papers in this batch
2025-11-03 18:20:34,498 - INFO - Fetching batch 11, start_index: 1050, batch_size: 100...
2025-11-03 18:20:40,854 - INFO - Fetched 100 papers in this batch
2025-11-03 18:20:43,859 - INFO - Fetching batch 12, start_index: 1150, batch_size: 100...
2025-11-03 18:20:56,694 - WARNING - Empty feed received but totalResults=8883, start_index=1150, batch_size=100. This is an API anomaly. Adjusting batch_size...
2025-11-03 18:20:56,695 - INFO - Reducing batch_size from 100 to 50
2025-11-03 18:20:56,695 - INFO - Fetching batch 12, start_index: 1150, batch_size: 50...
2025-11-03 18:21:02,899 - INFO - Fetched 50 papers in this batch
2025-11-03 18:21:02,899 - INFO - Success with reduced batch_size. Resetting to original: 100
2025-11-03 18:21:05,901 - INFO - Fetching batch 13, start_index: 1200, batch_size: 100...
2025-11-03 18:21:12,200 - INFO - Fetched 100 papers in this batch
2025-11-03 18:21:15,204 - INFO - Fetching batch 14, start_index: 1300, batch_size: 100...
2025-11-03 18:21:16,351 - WARNING - Empty feed received but totalResults=8883, start_index=1300, batch_size=100. This is an API anomaly. Adjusting batch_size...
2025-11-03 18:21:16,351 - INFO - Reducing batch_size from 100 to 50
2025-11-03 18:21:16,351 - INFO - Fetching batch 14, start_index: 1300, batch_size: 50...
2025-11-03 18:21:17,841 - WARNING - Empty feed received but totalResults=8883, start_index=1300, batch_size=50. This is an API anomaly. Adjusting batch_size...
2025-11-03 18:21:17,842 - INFO - Reducing batch_size from 50 to 25
2025-11-03 18:21:17,842 - INFO - Fetching batch 14, start_index: 1300, batch_size: 25...
2025-11-03 18:21:23,989 - INFO - Fetched 25 papers in this batch
2025-11-03 18:21:23,989 - INFO - Success with reduced batch_size. Resetting to original: 100
2025-11-03 18:21:26,994 - INFO - Fetching batch 14, start_index: 1325, batch_size: 100...
2025-11-03 18:21:28,267 - INFO - Fetched 100 papers in this batch
2025-11-03 18:21:31,273 - INFO - Fetching batch 15, start_index: 1425, batch_size: 100...
2025-11-03 18:21:32,804 - INFO - Fetched 100 papers in this batch
2025-11-03 18:21:35,809 - INFO - Fetching batch 16, start_index: 1525, batch_size: 100...
2025-11-03 18:21:37,122 - INFO - Fetched 100 papers in this batch
2025-11-03 18:21:40,127 - INFO - Fetching batch 17, start_index: 1625, batch_size: 100...
2025-11-03 18:21:40,949 - WARNING - Empty feed received but totalResults=8883, start_index=1625, batch_size=100. This is an API anomaly. Adjusting batch_size...
2025-11-03 18:21:40,949 - INFO - Reducing batch_size from 100 to 50
2025-11-03 18:21:40,950 - INFO - Fetching batch 17, start_index: 1625, batch_size: 50...
2025-11-03 18:21:42,083 - INFO - Fetched 50 papers in this batch
2025-11-03 18:21:42,083 - INFO - Success with reduced batch_size. Resetting to original: 100
2025-11-03 18:21:45,088 - INFO - Fetching batch 17, start_index: 1675, batch_size: 100...
2025-11-03 18:21:45,978 - WARNING - Empty feed received but totalResults=8883, start_index=1675, batch_size=100. This is an API anomaly. Adjusting batch_size...
2025-11-03 18:21:45,979 - INFO - Reducing batch_size from 100 to 50
2025-11-03 18:21:45,979 - INFO - Fetching batch 17, start_index: 1675, batch_size: 50...
2025-11-03 18:21:47,197 - INFO - Fetched 50 papers in this batch
2025-11-03 18:21:47,197 - INFO - Success with reduced batch_size. Resetting to original: 100
2025-11-03 18:21:50,199 - INFO - Fetching batch 18, start_index: 1725, batch_size: 100...
2025-11-03 18:22:03,855 - INFO - Fetched 100 papers in this batch
2025-11-03 18:22:06,861 - INFO - Fetching batch 19, start_index: 1825, batch_size: 100...
2025-11-03 18:22:08,432 - INFO - Fetched 100 papers in this batch
2025-11-03 18:22:11,438 - INFO - Fetching batch 20, start_index: 1925, batch_size: 100...
2025-11-03 18:22:12,332 - WARNING - Empty feed received but totalResults=8883, start_index=1925, batch_size=100. This is an API anomaly. Adjusting batch_size...
2025-11-03 18:22:12,332 - INFO - Reducing batch_size from 100 to 50
2025-11-03 18:22:12,332 - INFO - Fetching batch 20, start_index: 1925, batch_size: 50...
2025-11-03 18:22:13,506 - INFO - Fetched 50 papers in this batch
2025-11-03 18:22:13,506 - INFO - Success with reduced batch_size. Resetting to original: 100
2025-11-03 18:22:16,509 - INFO - Fetching batch 20, start_index: 1975, batch_size: 100...
2025-11-03 18:22:17,338 - WARNING - Empty feed received but totalResults=8883, start_index=1975, batch_size=100. This is an API anomaly. Adjusting batch_size...
2025-11-03 18:22:17,338 - INFO - Reducing batch_size from 100 to 50
2025-11-03 18:22:17,339 - INFO - Fetching batch 20, start_index: 1975, batch_size: 50...
2025-11-03 18:22:18,144 - WARNING - Empty feed received but totalResults=8883, start_index=1975, batch_size=50. This is an API anomaly. Adjusting batch_size...
2025-11-03 18:22:18,144 - INFO - Reducing batch_size from 50 to 25
2025-11-03 18:22:18,144 - INFO - Fetching batch 20, start_index: 1975, batch_size: 25...
2025-11-03 18:22:24,314 - WARNING - Empty feed received but totalResults=8883, start_index=1975, batch_size=25. This is an API anomaly. Adjusting batch_size...
2025-11-03 18:22:24,314 - INFO - Reducing batch_size from 25 to 12
2025-11-03 18:22:24,315 - INFO - Fetching batch 20, start_index: 1975, batch_size: 12...
2025-11-03 18:22:30,383 - INFO - Fetched 12 papers in this batch
2025-11-03 18:22:30,383 - INFO - Success with reduced batch_size. Resetting to original: 100
2025-11-03 18:22:33,388 - INFO - Fetching batch 20, start_index: 1987, batch_size: 100...
2025-11-03 18:22:39,381 - WARNING - Empty feed received but totalResults=8883, start_index=1987, batch_size=100. This is an API anomaly. Adjusting batch_size...
2025-11-03 18:22:39,381 - INFO - Reducing batch_size from 100 to 50
2025-11-03 18:22:39,381 - INFO - Fetching batch 20, start_index: 1987, batch_size: 50...
2025-11-03 18:22:52,576 - INFO - Fetched 50 papers in this batch
2025-11-03 18:22:52,576 - INFO - Success with reduced batch_size. Resetting to original: 100
2025-11-03 18:22:55,582 - INFO - Fetching batch 21, start_index: 2037, batch_size: 100...
2025-11-03 18:22:57,088 - INFO - Fetched 100 papers in this batch
2025-11-03 18:23:00,094 - INFO - Fetching batch 22, start_index: 2137, batch_size: 100...
2025-11-03 18:23:01,504 - INFO - Fetched 100 papers in this batch
2025-11-03 18:23:04,509 - INFO - Fetching batch 23, start_index: 2237, batch_size: 100...
2025-11-03 18:23:06,434 - INFO - Fetched 100 papers in this batch
2025-11-03 18:23:09,439 - INFO - Fetching batch 24, start_index: 2337, batch_size: 100...
2025-11-03 18:23:23,037 - INFO - Fetched 100 papers in this batch
2025-11-03 18:23:26,043 - INFO - Fetching batch 25, start_index: 2437, batch_size: 100...
2025-11-03 18:23:32,634 - INFO - Fetched 100 papers in this batch
2025-11-03 18:23:35,639 - INFO - Fetching batch 26, start_index: 2537, batch_size: 100...
2025-11-03 18:23:36,928 - WARNING - Empty feed received but totalResults=8883, start_index=2537, batch_size=100. This is an API anomaly. Adjusting batch_size...
2025-11-03 18:23:36,929 - INFO - Reducing batch_size from 100 to 50
2025-11-03 18:23:36,929 - INFO - Fetching batch 26, start_index: 2537, batch_size: 50...
2025-11-03 18:23:38,386 - INFO - Fetched 50 papers in this batch
2025-11-03 18:23:38,386 - INFO - Success with reduced batch_size. Resetting to original: 100
2025-11-03 18:23:41,389 - INFO - Fetching batch 26, start_index: 2587, batch_size: 100...
2025-11-03 18:23:55,092 - INFO - Fetched 100 papers in this batch
2025-11-03 18:23:58,097 - INFO - Fetching batch 27, start_index: 2687, batch_size: 100...
2025-11-03 18:23:59,438 - INFO - Fetched 100 papers in this batch
2025-11-03 18:24:02,443 - INFO - Fetching batch 28, start_index: 2787, batch_size: 100...
2025-11-03 18:24:04,022 - INFO - Fetched 100 papers in this batch
2025-11-03 18:24:07,027 - INFO - Fetching batch 29, start_index: 2887, batch_size: 100...
2025-11-03 18:24:09,195 - INFO - Fetched 100 papers in this batch
2025-11-03 18:24:12,198 - INFO - Fetching batch 30, start_index: 2987, batch_size: 100...
2025-11-03 18:24:13,807 - INFO - Fetched 100 papers in this batch
2025-11-03 18:24:16,812 - INFO - Fetching batch 31, start_index: 3087, batch_size: 100...
2025-11-03 18:24:17,842 - WARNING - Empty feed received but totalResults=8883, start_index=3087, batch_size=100. This is an API anomaly. Adjusting batch_size...
2025-11-03 18:24:17,843 - INFO - Reducing batch_size from 100 to 50
2025-11-03 18:24:17,843 - INFO - Fetching batch 31, start_index: 3087, batch_size: 50...
2025-11-03 18:24:30,688 - WARNING - Empty feed received but totalResults=8883, start_index=3087, batch_size=50. This is an API anomaly. Adjusting batch_size...
2025-11-03 18:24:30,689 - INFO - Reducing batch_size from 50 to 25
2025-11-03 18:24:30,689 - INFO - Fetching batch 31, start_index: 3087, batch_size: 25...
2025-11-03 18:24:32,014 - WARNING - Empty feed received but totalResults=8883, start_index=3087, batch_size=25. This is an API anomaly. Adjusting batch_size...
2025-11-03 18:24:32,014 - INFO - Reducing batch_size from 25 to 12
2025-11-03 18:24:32,014 - INFO - Fetching batch 31, start_index: 3087, batch_size: 12...
2025-11-03 18:24:32,984 - INFO - Fetched 12 papers in this batch
2025-11-03 18:24:32,984 - INFO - Success with reduced batch_size. Resetting to original: 100
2025-11-03 18:24:35,990 - INFO - Fetching batch 31, start_index: 3099, batch_size: 100...
2025-11-03 18:24:37,601 - INFO - Fetched 100 papers in this batch
2025-11-03 18:24:40,606 - INFO - Fetching batch 32, start_index: 3199, batch_size: 100...
2025-11-03 18:24:47,229 - INFO - Fetched 100 papers in this batch
2025-11-03 18:24:50,231 - INFO - Fetching batch 33, start_index: 3299, batch_size: 100...
2025-11-03 18:24:51,893 - INFO - Fetched 100 papers in this batch
2025-11-03 18:24:54,898 - INFO - Fetching batch 34, start_index: 3399, batch_size: 100...
2025-11-03 18:24:55,818 - WARNING - Empty feed received but totalResults=8883, start_index=3399, batch_size=100. This is an API anomaly. Adjusting batch_size...
2025-11-03 18:24:55,818 - INFO - Reducing batch_size from 100 to 50
2025-11-03 18:24:55,819 - INFO - Fetching batch 34, start_index: 3399, batch_size: 50...
2025-11-03 18:24:57,035 - INFO - Fetched 50 papers in this batch
2025-11-03 18:24:57,036 - INFO - Success with reduced batch_size. Resetting to original: 100
2025-11-03 18:25:00,038 - INFO - Fetching batch 35, start_index: 3449, batch_size: 100...
2025-11-03 18:25:13,814 - INFO - Fetched 100 papers in this batch
2025-11-03 18:25:16,819 - INFO - Fetching batch 36, start_index: 3549, batch_size: 100...
2025-11-03 18:25:22,032 - INFO - Fetched 100 papers in this batch
2025-11-03 18:25:25,034 - INFO - Fetching batch 37, start_index: 3649, batch_size: 100...
2025-11-03 18:25:47,107 - WARNING - Empty feed received but totalResults=8883, start_index=3649, batch_size=100. This is an API anomaly. Adjusting batch_size...
2025-11-03 18:25:47,107 - INFO - Reducing batch_size from 100 to 50
2025-11-03 18:25:47,108 - INFO - Fetching batch 37, start_index: 3649, batch_size: 50...
2025-11-03 18:25:49,670 - INFO - Fetched 50 papers in this batch
2025-11-03 18:25:49,671 - INFO - Success with reduced batch_size. Resetting to original: 100
2025-11-03 18:25:52,675 - INFO - Fetching batch 37, start_index: 3699, batch_size: 100...
2025-11-03 18:25:54,494 - INFO - Fetched 82 papers in this batch
2025-11-03 18:25:54,495 - INFO - Reached end of available papers
2025-11-03 18:25:54,495 - INFO - Total papers fetched: 3781
2025-11-03 18:26:53,496 - INFO - Added 3781 new papers to database
2025-11-03 18:33:51,486 - INFO - Loaded 3782 existing papers from database
2025-11-03 18:33:51,487 - INFO - Starting arXiv paper fetch from 20251031 to 20251103
2025-11-03 18:33:51,487 - INFO - Categories: cs.LG, cs.AI, cs.CL, stat.ML, cs.MA, q-fin.TR, q-fin.CP, q-fin.PM, q-fin.PR, q-fin.RM
2025-11-03 18:33:51,487 - INFO - Fetching papers from arXiv with query: (cat:cs.LG OR cat:cs.AI OR cat:cs.CL OR cat:stat.ML OR cat:cs.MA OR cat:q-fin.TR OR cat:q-fin.CP OR cat:q-fin.PM OR cat:q-fin.PR OR cat:q-fin.RM) AND submittedDate:[20251031 TO 20251103]
2025-11-03 18:33:51,487 - INFO - Fetching batch 1, start_index: 0, batch_size: 100...
2025-11-03 18:33:53,360 - INFO - Fetched 100 papers in this batch
2025-11-03 18:33:56,366 - INFO - Fetching batch 2, start_index: 100, batch_size: 100...
2025-11-03 18:33:57,683 - INFO - Fetched 73 papers in this batch
2025-11-03 18:33:57,683 - INFO - Reached end of available papers
2025-11-03 18:33:57,683 - INFO - Total papers fetched: 173
2025-11-03 18:33:57,684 - INFO - Added 0 new papers to database
